// Jest Snapshot v1, https://goo.gl/fbAQLP

exports[`<Main /> shold render the heading 1`] = `
.c0 {
  background-color: #f4f4f4;
  color: #000;
  width: 100%;
  height: 100%;
  text-align: center;
  display: -webkit-box;
  display: -webkit-flex;
  display: -ms-flexbox;
  display: flex;
  -webkit-flex-direction: column;
  -ms-flex-direction: column;
  flex-direction: column;
  -webkit-align-items: center;
  -webkit-box-align: center;
  -ms-flex-align: center;
  align-items: center;
  -webkit-box-pack: center;
  -webkit-justify-content: center;
  -ms-flex-pack: center;
  justify-content: center;
  padding: 4rem;
}

.c1 {
  font-size: 4rem;
  margin-bottom: 1rem;
}

.c2 {
  font-size: 1.5rem;
  font-weight: 400;
  margin-bottom: 6rem;
}

.c3 {
  width: min(30rem,100%);
  margin-bottom: 6rem;
}

.c4 {
  width: 10rem;
}

<main
  class="c0"
>
  <h1
    class="c1"
  >
    React Boilerplate
  </h1>
  <h2
    class="c2"
  >
    SSR . Precommit . Typescript . Tests
  </h2>
  <img
    alt="Aweti Mask"
    class="c3"
    src="AwetiMask.svg"
  />
  <img
    alt="Vercel"
    class="c4"
    src="/vercel.svg"
  />
</main>
`
